c:\lvcur\flash-gordon\hardware\ti2\ti2wrap\ti2wrap\x64\release\ti2wrap.pch
c:\lvcur\flash-gordon\hardware\ti2\ti2wrap\ti2wrap\x64\release\vc141.pdb
c:\lvcur\flash-gordon\hardware\ti2\ti2wrap\ti2wrap\x64\release\stdafx.obj
c:\lvcur\flash-gordon\hardware\ti2\ti2wrap\ti2wrap\x64\release\dllmain.obj
c:\lvcur\flash-gordon\hardware\ti2\ti2wrap\ti2wrap\x64\release\ti2wrap.obj
c:\lvcur\flash-gordon\hardware\ti2\ti2wrap\x64\release\ti2wrap.dll
c:\lvcur\flash-gordon\hardware\ti2\ti2wrap\x64\release\ti2wrap.pdb
c:\lvcur\flash-gordon\hardware\ti2\ti2wrap\x64\release\ti2wrap.lib
c:\lvcur\flash-gordon\hardware\ti2\ti2wrap\x64\release\ti2wrap.exp
c:\lvcur\flash-gordon\hardware\ti2\ti2wrap\x64\release\ti2wrap.ipdb
c:\lvcur\flash-gordon\hardware\ti2\ti2wrap\x64\release\ti2wrap.iobj
c:\flashgordon\development\hardware\microscope\ti2wrap\ti2wrap\x64\release\dllmain.obj
c:\flashgordon\development\hardware\microscope\ti2wrap\ti2wrap\x64\release\stdafx.obj
c:\flashgordon\development\hardware\microscope\ti2wrap\ti2wrap\x64\release\ti2wrap.obj
c:\flashgordon\development\hardware\microscope\ti2wrap\ti2wrap\x64\release\ti2wrap.pch
c:\flashgordon\development\hardware\microscope\ti2wrap\ti2wrap\x64\release\vc141.pdb
c:\flashgordon\development\hardware\microscope\ti2wrap\x64\release\ti2wrap.pdb
c:\flashgordon\development\hardware\microscope\ti2wrap\ti2wrap\x64\release\ti2wrap.tlog\cl.command.1.tlog
c:\flashgordon\development\hardware\microscope\ti2wrap\ti2wrap\x64\release\ti2wrap.tlog\cl.read.1.tlog
c:\flashgordon\development\hardware\microscope\ti2wrap\ti2wrap\x64\release\ti2wrap.tlog\cl.write.1.tlog
c:\flashgordon\development\hardware\microscope\ti2wrap\ti2wrap\x64\release\ti2wrap.tlog\link.command.1.tlog
c:\flashgordon\development\hardware\microscope\ti2wrap\ti2wrap\x64\release\ti2wrap.tlog\link.read.1.tlog
c:\flashgordon\development\hardware\microscope\ti2wrap\ti2wrap\x64\release\ti2wrap.tlog\link.write.1.tlog
c:\flashgordon\development\hardware\microscope\ti2wrap\ti2wrap\x64\release\ti2wrap.tlog\ti2wrap.write.1u.tlog
